// Jest Snapshot v1, https://goo.gl/fbAQLP

exports[`version creates simple PR 1`] = `
Array [
  Object {
    "base": "some-branch",
    "body": "See [docs/releases/vundefined-changelog.md](https://github.com/backstage/backstage/blob/master/docs/releases/vundefined-changelog.md) for more information.",
    "head": "changeset-release/some-branch",
    "owner": "changesets",
    "repo": "action",
    "title": "Version Packages",
  },
]
`;

exports[`version doesn't include ignored package that got a dependency update in the PR body 1`] = `
Array [
  Object {
    "base": "some-branch",
    "body": "See [docs/releases/vundefined-changelog.md](https://github.com/backstage/backstage/blob/master/docs/releases/vundefined-changelog.md) for more information.",
    "head": "changeset-release/some-branch",
    "owner": "changesets",
    "repo": "action",
    "title": "Version Packages",
  },
]
`;

exports[`version only includes bumped packages in the PR body 1`] = `
Array [
  Object {
    "base": "some-branch",
    "body": "See [docs/releases/vundefined-changelog.md](https://github.com/backstage/backstage/blob/master/docs/releases/vundefined-changelog.md) for more information.",
    "head": "changeset-release/some-branch",
    "owner": "changesets",
    "repo": "action",
    "title": "Version Packages",
  },
]
`;
